 FinalProject

 Timestamp is 63bb0e6a (Mon Jan  9 02:41:46 2023)

 Preferred load address is 00400000

 Start         Length     Name                   Class
 0001:00000000 00003220H .text                   CODE
 0001:00003220 00018b98H .text$mn                CODE
 0002:00000000 00000144H .rdata                  DATA
 0002:00000143 00000000H .edata                  DATA
 0002:00000144 00000199H .rdata$zzzdbg           DATA
 0003:00000000 0031b300H .data                   DATA
 0003:0031b300 000002f2H .bss                    DATA
 0004:00000000 000000d8H .idata$5                DATA
 0004:000000d8 00000028H .idata$2                DATA
 0004:00000100 00000014H .idata$3                DATA
 0004:00000114 000000d8H .idata$4                DATA
 0004:000001ec 00000347H .idata$6                DATA
 0005:00000000 00000170H .rsrc$01                DATA
 0005:00000170 000002ccH .rsrc$02                DATA

  Address         Publics by Value              Rva+Base       Lib:Object

 0000:00000000       ___hybrid_auxiliary_iat_copy 00000000     <absolute>
 0000:00000000       ___guard_fids_table        00000000     <absolute>
 0000:00000000       ___enclave_config          00000000     <absolute>
 0000:00000000       ___arm64x_redirection_metadata_count 00000000     <absolute>
 0000:00000000       ___guard_check_icall_a64n_fptr 00000000     <absolute>
 0000:00000000       ___guard_longjmp_count     00000000     <absolute>
 0000:00000000       ___safe_se_handler_count   00000000     <absolute>
 0000:00000000       ___guard_iat_table         00000000     <absolute>
 0000:00000000       ___x64_code_ranges_to_entry_points_count 00000000     <absolute>
 0000:00000000       ___guard_iat_count         00000000     <absolute>
 0000:00000000       ___guard_eh_cont_table     00000000     <absolute>
 0000:00000000       ___guard_fids_count        00000000     <absolute>
 0000:00000000       ___safe_se_handler_table   00000000     <absolute>
 0000:00000000       ___arm64x_native_entrypoint 00000000     <absolute>
 0000:00000000       ___guard_longjmp_table     00000000     <absolute>
 0000:00000000       ___volatile_metadata       00000000     <absolute>
 0000:00000000       ___arm64x_extra_rfe_table  00000000     <absolute>
 0000:00000000       ___AbsoluteZero            00000000     <absolute>
 0000:00000000       ___guard_flags             00000000     <absolute>
 0000:00000000       ___arm64x_redirection_metadata 00000000     <absolute>
 0000:00000000       ___guard_eh_cont_count     00000000     <absolute>
 0000:00000000       ___hybrid_code_map_count   00000000     <absolute>
 0000:00000000       ___x64_code_ranges_to_entry_points 00000000     <absolute>
 0000:00000000       ___dynamic_value_reloc_table 00000000     <absolute>
 0000:00000000       ___hybrid_code_map         00000000     <absolute>
 0000:00000000       ___hybrid_auxiliary_iat    00000000     <absolute>
 0000:00000000       ___arm64x_extra_rfe_table_size 00000000     <absolute>
 0001:00000670       _CloseFile@0               00401670 f   Irvine32:Irvine32.obj
 0001:00000677       _Clrscr@0                  00401677 f   Irvine32:Irvine32.obj
 0001:0000073c       _CreateOutputFile@0        0040173c f   Irvine32:Irvine32.obj
 0001:00000755       _Crlf@0                    00401755 f   Irvine32:Irvine32.obj
 0001:00000770       _Delay@0                   00401770 f   Irvine32:Irvine32.obj
 0001:00000779       _DumpMem@0                 00401779 f   Irvine32:Irvine32.obj
 0001:00000834       _DumpRegs@0                00401834 f   Irvine32:Irvine32.obj
 0001:00000a2f       _GetCommandTail@0          00401a2f f   Irvine32:Irvine32.obj
 0001:00000a6c       _GetDateTime@4             00401a6c f   Irvine32:Irvine32.obj
 0001:00000a9e       _GetMaxXY@0                00401a9e f   Irvine32:Irvine32.obj
 0001:00000acd       _GetMseconds@0             00401acd f   Irvine32:Irvine32.obj
 0001:00000b2a       _GetTextColor@0            00401b2a f   Irvine32:Irvine32.obj
 0001:00000b55       _Gotoxy@0                  00401b55 f   Irvine32:Irvine32.obj
 0001:00000bad       _IsDigit@0                 00401bad f   Irvine32:Irvine32.obj
 0001:00000bba       _MsgBox@0                  00401bba f   Irvine32:Irvine32.obj
 0001:00000bd1       _MsgBoxAsk@0               00401bd1 f   Irvine32:Irvine32.obj
 0001:00000bf0       _OpenInputFile@0           00401bf0 f   Irvine32:Irvine32.obj
 0001:00000c09       _ParseDecimal32@0          00401c09 f   Irvine32:Irvine32.obj
 0001:00000c6b       _ParseInteger32@0          00401c6b f   Irvine32:Irvine32.obj
 0001:00000d26       _Random32@0                00401d26 f   Irvine32:Irvine32.obj
 0001:00000d41       _RandomRange@0             00401d41 f   Irvine32:Irvine32.obj
 0001:00000d56       _Randomize@0               00401d56 f   Irvine32:Irvine32.obj
 0001:00000d6f       _ReadChar@0                00401d6f f   Irvine32:Irvine32.obj
 0001:00000d85       _ReadDec@0                 00401d85 f   Irvine32:Irvine32.obj
 0001:00000da0       _ReadFromFile@0            00401da0 f   Irvine32:Irvine32.obj
 0001:00000dc3       _ReadHex@0                 00401dc3 f   Irvine32:Irvine32.obj
 0001:00000e44       _ReadInt@0                 00401e44 f   Irvine32:Irvine32.obj
 0001:00000e5f       _ReadKey@0                 00401e5f f   Irvine32:Irvine32.obj
 0001:00000f7a       _ReadKeyFlush@0            00401f7a f   Irvine32:Irvine32.obj
 0001:00001048       _ReadString@0              00402048 f   Irvine32:Irvine32.obj
 0001:00001101       _SetTextColor@0            00402101 f   Irvine32:Irvine32.obj
 0001:00001122       _StrLength@0               00402122 f   Irvine32:Irvine32.obj
 0001:00001133       _Str_compare@8             00402133 f   Irvine32:Irvine32.obj
 0001:0000115d       _Str_copy@8                0040215d f   Irvine32:Irvine32.obj
 0001:00001180       _Str_length@4              00402180 f   Irvine32:Irvine32.obj
 0001:0000119a       _Str_trim@8                0040219a f   Irvine32:Irvine32.obj
 0001:000011c8       _Str_ucase@4               004021c8 f   Irvine32:Irvine32.obj
 0001:000011ea       _WaitMsg@0                 004021ea f   Irvine32:Irvine32.obj
 0001:000011fc       _WriteBin@0                004021fc f   Irvine32:Irvine32.obj
 0001:00001209       _WriteBinB@0               00402209 f   Irvine32:Irvine32.obj
 0001:0000125c       _WriteChar@0               0040225c f   Irvine32:Irvine32.obj
 0001:0000128e       _WriteDec@0                0040228e f   Irvine32:Irvine32.obj
 0001:000012cf       _WriteHex@0                004022cf f   Irvine32:Irvine32.obj
 0001:000012dc       _WriteHexB@0               004022dc f   Irvine32:Irvine32.obj
 0001:0000136e       _WriteInt@0                0040236e f   Irvine32:Irvine32.obj
 0001:000013cf       _WriteStackFrameName@16    004023cf f   Irvine32:Irvine32.obj
 0001:0000154f       _WriteStackFrame@12        0040254f f   Irvine32:Irvine32.obj
 0001:00001569       _WriteString@0             00402569 f   Irvine32:Irvine32.obj
 0001:00001595       _WriteToFile@0             00402595 f   Irvine32:Irvine32.obj
 0001:000015aa       _WriteWindowsMsg@0         004025aa f   Irvine32:Irvine32.obj
 0001:00001a40       _ReadFloat@0               00402a40 f   Irvine32:floatio.obj
 0001:00001b91       _ShowFPUStack@0            00402b91 f   Irvine32:floatio.obj
 0001:00001c06       _WriteFloat@0              00402c06 f   Irvine32:floatio.obj
 0001:00001d00       _GetChar@0                 00402d00 f   Irvine32:floatio.obj
 0001:00001d16       _fpuSet@0                  00402d16 f   Irvine32:floatio.obj
 0001:00001d3c       _fpuReset@0                00402d3c f   Irvine32:floatio.obj
 0001:00001d71       _power10@0                 00402d71 f   Irvine32:floatio.obj
 0001:00001dc6       _fChkNaN@0                 00402dc6 f   Irvine32:floatio.obj
 0001:00001dd5       _fChkInfinity@0            00402dd5 f   Irvine32:floatio.obj
 0001:00001e05       _fcompare@0                00402e05 f   Irvine32:floatio.obj
 0001:00001e23       _normalize@0               00402e23 f   Irvine32:floatio.obj
 0001:00001e5c       _splitup@0                 00402e5c f   Irvine32:floatio.obj
 0001:00003220       _fsqrt__@0                 00404220 f   main.obj
 0001:00003248       _fabs__@0                  00404248 f   main.obj
 0001:00003270       _sin@0                     00404270 f   main.obj
 0001:00003298       _cos@0                     00404298 f   main.obj
 0001:000032c0       _rand@0                    004042c0 f   main.obj
 0001:00003434       _min2i@0                   00404434 f   main.obj
 0001:0000345c       _max2i@0                   0040445c f   main.obj
 0001:00003484       _min2f@0                   00404484 f   main.obj
 0001:000034ea       _max2f@0                   004044ea f   main.obj
 0001:00003550       _min3i@0                   00404550 f   main.obj
 0001:00003596       _max3i@0                   00404596 f   main.obj
 0001:000035dc       _Vec2__init@0              004045dc f   main.obj
 0001:000035f9       _Vec2__add@0               004045f9 f   main.obj
 0001:00003680       _Vec2__sub@0               00404680 f   main.obj
 0001:00003707       _Vec2__mulc@0              00404707 f   main.obj
 0001:00003789       _Vec2__length@0            00404789 f   main.obj
 0001:00003813       _Vec2__dot@0               00404813 f   main.obj
 0001:00003890       _Vec2__norm@0              00404890 f   main.obj
 0001:0000392b       _Vec2__print@0             0040492b f   main.obj
 0001:000039b5       _Vec3__init@0              004049b5 f   main.obj
 0001:000039db       _Vec3__add@0               004049db f   main.obj
 0001:00003a8e       _Vec3__sub@0               00404a8e f   main.obj
 0001:00003b41       _Vec3__mul@0               00404b41 f   main.obj
 0001:00003bf4       _Vec3__mulc@0              00404bf4 f   main.obj
 0001:00003c9f       _Vec3__length@0            00404c9f f   main.obj
 0001:00003d6a       _Vec3__dot@0               00404d6a f   main.obj
 0001:00003e2b       _Vec3__cross@0             00404e2b f   main.obj
 0001:00003fa8       _Vec3__toVec2@0            00404fa8 f   main.obj
 0001:00003fec       _Vec3__norm@0              00404fec f   main.obj
 0001:000040b0       _Vec3__print@0             004050b0 f   main.obj
 0001:00004170       _Vec3_zero@0               00405170 f   main.obj
 0001:000041bc       _Vec3_one@0                004051bc f   main.obj
 0001:00004208       _Matrix3__init@0           00405208 f   main.obj
 0001:00004261       _Matrix3__transform@0      00405261 f   main.obj
 0001:00004309       _Matrix3__transpose@0      00405309 f   main.obj
 0001:000043d8       _Matrix3__mul@0            004053d8 f   main.obj
 0001:00004601       _Matrix3__inv@0            00405601 f   main.obj
 0001:00004cfd       _Matrix3__print@0          00405cfd f   main.obj
 0001:00004d48       _Matrix3_identity@0        00405d48 f   main.obj
 0001:00004e0f       _AngleAxis__init@0         00405e0f f   main.obj
 0001:00004e3d       _AngleAxis__rotate@0       00405e3d f   main.obj
 0001:00004fb8       _Triangle__init@0          00405fb8 f   main.obj
 0001:00005002       _rayPlaneIntersect@0       00406002 f   main.obj
 0001:00005190       _rayPlaneDist@0            00406190 f   main.obj
 0001:000052ca       _deg2rad@0                 004062ca f   main.obj
 0001:00005322       _axisAngle2Matrix@0        00406322 f   main.obj
 0001:00005862       _ModelManager__init@0      00406862 f   main.obj
 0001:000059ab       _ModelManager__reset@0     004069ab f   main.obj
 0001:000059cb       _ModelManager__set_transform@0 004069cb f   main.obj
 0001:00005a24       _ModelManager__add_vertex@0 00406a24 f   main.obj
 0001:00005acd       _ModelManager__add_triangle@0 00406acd f   main.obj
 0001:00005b1a       _ModelManager__add_pyramid@0 00406b1a f   main.obj
 0001:00005eae       _ModelManager__add_box@0   00406eae f   main.obj
 0001:0000665d       _ModelManager__add_plane@0 0040765d f   main.obj
 0001:000068ed       _ModelManager__add_spaceship@0 004078ed f   main.obj
 0001:0000ebf9       _build_char_level@0        0040fbf9 f   main.obj
 0001:0000f3c5       _display@0                 004103c5 f   main.obj
 0001:0000f4a1       _clear_buffer@0            004104a1 f   main.obj
 0001:0000f554       _Distortion__init@0        00410554 f   main.obj
 0001:0000f607       _Distortion__need@0        00410607 f   main.obj
 0001:0000f7ff       _Distortion__update@0      004107ff f   main.obj
 0001:0000face       _Distortion__distort@0     00410ace f   main.obj
 0001:000101ca       _Camera__init@0            004111ca f   main.obj
 0001:00010536       _Camera__add_distortion@0  00411536 f   main.obj
 0001:000105b0       _Camera__need_distort@0    004115b0 f   main.obj
 0001:0001062d       _Camera__distort@0         0041162d f   main.obj
 0001:00010710       _Camera__set_axis@0        00411710 f   main.obj
 0001:000107b9       _Camera__set_inv_axis@0    004117b9 f   main.obj
 0001:00010862       _Camera__render@0          00411862 f   main.obj
 0001:00010faf       _Camera__seperate_triangle@0 00411faf f   main.obj
 0001:00011198       _Camera__visible@0         00412198 f   main.obj
 0001:0001134f       _Camera__shake@0           0041234f f   main.obj
 0001:00011385       _Camera___shake@0          00412385 f   main.obj
 0001:00011575       _Camera__render_triangle@0 00412575 f   main.obj
 0001:00012e81       _get_time@0                00413e81 f   main.obj
 0001:00012e9f       _Keyboard__init@0          00413e9f f   main.obj
 0001:00012ee2       _Keyboard__update@0        00413ee2 f   main.obj
 0001:00013079       _Keyboard__print@0         00414079 f   main.obj
 0001:0001316a       _Engine__init@0            0041416a f   main.obj
 0001:00013195       _Engine__update_time@0     00414195 f   main.obj
 0001:00013319       _Engine__step@0            00414319 f   main.obj
 0001:00013368       _main@0                    00414368 f   main.obj
 0001:000133cb       _PD__init@0                004143cb f   main.obj
 0001:000133f3       _PD__step@0                004143f3 f   main.obj
 0001:000134eb       _Vec3PD__init@0            004144eb f   main.obj
 0001:00013550       _Vec3PD__step@0            00414550 f   main.obj
 0001:0001369e       _Player__init@0            0041469e f   main.obj
 0001:00013a32       _Player__collide@0         00414a32 f   main.obj
 0001:00013f25       _Player__update@0          00414f25 f   main.obj
 0001:00014ac7       _Player__rot_x_ctl_test@0  00415ac7 f   main.obj
 0001:00014c67       _Obstacle__init@0          00415c67 f   main.obj
 0001:00014cc7       _Obstacle__collide@0       00415cc7 f   main.obj
 0001:00014ff1       _Obstacle__update@0        00415ff1 f   main.obj
 0001:0001506d       _Terrain__init@0           0041606d f   main.obj
 0001:000150d6       _Terrain__collide@0        004160d6 f   main.obj
 0001:0001514d       _Terrain__add_obstacle@0   0041614d f   main.obj
 0001:00015208       _Terrain__update@0         00416208 f   main.obj
 0001:000152be       _Terrain__generate_sub_terrain@0 004162be f   main.obj
 0001:00015b7a       _Terrain__generate_terrain@0 00416b7a f   main.obj
 0001:00015e91       _init@0                    00416e91 f   main.obj
 0001:00015f99       _update@0                  00416f99 f   main.obj
 0001:0001aced       _ExitProcess@4             0041bced f   kernel32:KERNEL32.dll
 0001:0001acf3       _CloseHandle@4             0041bcf3 f   kernel32:KERNEL32.dll
 0001:0001acf9       _CreateFileA@28            0041bcf9 f   kernel32:KERNEL32.dll
 0001:0001acff       _FormatMessageA@28         0041bcff f   kernel32:KERNEL32.dll
 0001:0001ad05       _FlushConsoleInputBuffer@4 0041bd05 f   kernel32:KERNEL32.dll
 0001:0001ad0b       _GetCommandLineA@0         0041bd0b f   kernel32:KERNEL32.dll
 0001:0001ad11       _GetConsoleMode@8          0041bd11 f   kernel32:KERNEL32.dll
 0001:0001ad17       _GetConsoleScreenBufferInfo@8 0041bd17 f   kernel32:KERNEL32.dll
 0001:0001ad1d       _GetLastError@0            0041bd1d f   kernel32:KERNEL32.dll
 0001:0001ad23       _GetLocalTime@4            0041bd23 f   kernel32:KERNEL32.dll
 0001:0001ad29       _GetStdHandle@4            0041bd29 f   kernel32:KERNEL32.dll
 0001:0001ad2f       _GetSystemTime@4           0041bd2f f   kernel32:KERNEL32.dll
 0001:0001ad35       _LocalFree@4               0041bd35 f   kernel32:KERNEL32.dll
 0001:0001ad3b       _PeekConsoleInputA@16      0041bd3b f   kernel32:KERNEL32.dll
 0001:0001ad41       _ReadConsoleA@20           0041bd41 f   kernel32:KERNEL32.dll
 0001:0001ad47       _ReadConsoleInputA@16      0041bd47 f   kernel32:KERNEL32.dll
 0001:0001ad4d       _ReadFile@20               0041bd4d f   kernel32:KERNEL32.dll
 0001:0001ad53       _SetConsoleCursorPosition@8 0041bd53 f   kernel32:KERNEL32.dll
 0001:0001ad59       _SetConsoleMode@8          0041bd59 f   kernel32:KERNEL32.dll
 0001:0001ad5f       _SetConsoleTextAttribute@8 0041bd5f f   kernel32:KERNEL32.dll
 0001:0001ad65       _Sleep@4                   0041bd65 f   kernel32:KERNEL32.dll
 0001:0001ad6b       _SystemTimeToFileTime@8    0041bd6b f   kernel32:KERNEL32.dll
 0001:0001ad71       _WriteConsoleA@20          0041bd71 f   kernel32:KERNEL32.dll
 0001:0001ad77       _WriteConsoleOutputCharacterA@20 0041bd77 f   kernel32:KERNEL32.dll
 0001:0001ad7d       _WriteConsoleOutputAttribute@20 0041bd7d f   kernel32:KERNEL32.dll
 0001:0001ad83       _WriteFile@20              0041bd83 f   kernel32:KERNEL32.dll
 0001:0001ad89       _MessageBoxA@16            0041bd89 f   user32:USER32.dll
 0004:00000000       __imp__ExitProcess@4       0073a000     kernel32:KERNEL32.dll
 0004:00000004       __imp__CloseHandle@4       0073a004     kernel32:KERNEL32.dll
 0004:00000008       __imp__CreateFileA@28      0073a008     kernel32:KERNEL32.dll
 0004:0000000c       __imp__FormatMessageA@28   0073a00c     kernel32:KERNEL32.dll
 0004:00000010       __imp__FlushConsoleInputBuffer@4 0073a010     kernel32:KERNEL32.dll
 0004:00000014       __imp__GetCommandLineA@0   0073a014     kernel32:KERNEL32.dll
 0004:00000018       __imp__GetConsoleMode@8    0073a018     kernel32:KERNEL32.dll
 0004:0000001c       __imp__GetConsoleScreenBufferInfo@8 0073a01c     kernel32:KERNEL32.dll
 0004:00000020       __imp__GetLastError@0      0073a020     kernel32:KERNEL32.dll
 0004:00000024       __imp__GetLocalTime@4      0073a024     kernel32:KERNEL32.dll
 0004:00000028       __imp__GetStdHandle@4      0073a028     kernel32:KERNEL32.dll
 0004:0000002c       __imp__GetSystemTime@4     0073a02c     kernel32:KERNEL32.dll
 0004:00000030       __imp__LocalFree@4         0073a030     kernel32:KERNEL32.dll
 0004:00000034       __imp__PeekConsoleInputA@16 0073a034     kernel32:KERNEL32.dll
 0004:00000038       __imp__ReadConsoleA@20     0073a038     kernel32:KERNEL32.dll
 0004:0000003c       __imp__ReadConsoleInputA@16 0073a03c     kernel32:KERNEL32.dll
 0004:00000040       __imp__ReadFile@20         0073a040     kernel32:KERNEL32.dll
 0004:00000044       __imp__SetConsoleCursorPosition@8 0073a044     kernel32:KERNEL32.dll
 0004:00000048       __imp__SetConsoleMode@8    0073a048     kernel32:KERNEL32.dll
 0004:0000004c       __imp__SetConsoleTextAttribute@8 0073a04c     kernel32:KERNEL32.dll
 0004:00000050       __imp__Sleep@4             0073a050     kernel32:KERNEL32.dll
 0004:00000054       __imp__SystemTimeToFileTime@8 0073a054     kernel32:KERNEL32.dll
 0004:00000058       __imp__WriteConsoleA@20    0073a058     kernel32:KERNEL32.dll
 0004:0000005c       __imp__WriteConsoleOutputCharacterA@20 0073a05c     kernel32:KERNEL32.dll
 0004:00000060       __imp__WriteConsoleOutputAttribute@20 0073a060     kernel32:KERNEL32.dll
 0004:00000064       __imp__WriteFile@20        0073a064     kernel32:KERNEL32.dll
 0004:00000068       \177KERNEL32_NULL_THUNK_DATA 0073a068     kernel32:KERNEL32.dll
 0004:000000a8       __imp__MessageBoxA@16      0073a0a8     user32:USER32.dll
 0004:000000ac       \177USER32_NULL_THUNK_DATA 0073a0ac     user32:USER32.dll
 0004:000000d8       __IMPORT_DESCRIPTOR_KERNEL32 0073a0d8     kernel32:KERNEL32.dll
 0004:000000ec       __IMPORT_DESCRIPTOR_USER32 0073a0ec     user32:USER32.dll
 0004:00000100       __NULL_IMPORT_DESCRIPTOR   0073a100     kernel32:KERNEL32.dll

 entry point at        0001:00000217

 Static symbols

 0000:ffcc0000       .debug$S                   00400000     kernel32:KERNEL32.dll
 0000:ffcc0000       .debug$S                   00400000     kernel32:KERNEL32.dll
 0000:ffcc0000       .debug$S                   00400000     kernel32:KERNEL32.dll
 0000:ffcc0000       .debug$S                   00400000     kernel32:KERNEL32.dll
 0000:ffcc0000       .debug$S                   00400000     kernel32:KERNEL32.dll
 0000:ffcc0000       .debug$S                   00400000     kernel32:KERNEL32.dll
 0000:ffcc0000       .debug$S                   00400000     kernel32:KERNEL32.dll
 0000:ffcc0000       .debug$S                   00400000     kernel32:KERNEL32.dll
 0000:ffcc0000       .debug$S                   00400000     kernel32:KERNEL32.dll
 0000:ffcc0000       .debug$S                   00400000     kernel32:KERNEL32.dll
 0000:ffcc0000       .debug$S                   00400000     kernel32:KERNEL32.dll
 0000:ffcc0000       .debug$S                   00400000     kernel32:KERNEL32.dll
 0000:ffcc0000       .debug$S                   00400000     kernel32:KERNEL32.dll
 0000:ffcc0000       .debug$S                   00400000     kernel32:KERNEL32.dll
 0000:ffcc0000       .debug$S                   00400000     kernel32:KERNEL32.dll
 0000:ffcc0000       .debug$S                   00400000     kernel32:KERNEL32.dll
 0000:ffcc0000       .debug$S                   00400000     kernel32:KERNEL32.dll
 0000:ffcc0000       .debug$S                   00400000     kernel32:KERNEL32.dll
 0000:ffcc0000       .debug$S                   00400000     kernel32:KERNEL32.dll
 0000:ffcc0000       .debug$S                   00400000     kernel32:KERNEL32.dll
 0000:ffcc0000       .debug$S                   00400000     kernel32:KERNEL32.dll
 0000:ffcc0000       .debug$S                   00400000     kernel32:KERNEL32.dll
 0000:ffcc0000       .debug$S                   00400000     kernel32:KERNEL32.dll
 0000:ffcc0000       .debug$S                   00400000     kernel32:KERNEL32.dll
 0000:ffcc0000       .debug$S                   00400000     kernel32:KERNEL32.dll
 0000:ffcc0000       .debug$S                   00400000     kernel32:KERNEL32.dll
 0000:ffcc0000       .debug$S                   00400000     user32:USER32.dll
 0001:00000a64       _scan_for_quote@0          00401a64 f   Irvine32:Irvine32.obj
 0001:00000b8b       _Initialize@0              00401b8b f   Irvine32:Irvine32.obj
 0001:00000f8f       _ReadKeyTranslate@0        00401f8f f   Irvine32:Irvine32.obj
 0001:00001605       _AsciiDigit@0              00402605 f   Irvine32:Irvine32.obj
 0001:0000160e       _HexByte@0                 0040260e f   Irvine32:Irvine32.obj
 0001:00001f1f       _wrdigits@0                00402f1f f   Irvine32:floatio.obj
 0001:00003220       $$000000                   00404220     main.obj
 0003:00000000       xax                        0041e000     main.obj
 0003:00000004       fcw                        0041e004     main.obj
 0003:00000006       n_vertices                 0041e006     main.obj
 0003:0000000a       n_triangles                0041e00a     main.obj
 0003:0000000e       vertices                   0041e00e     main.obj
 0003:0003a98e       triangles                  0045898e     main.obj
 0003:0007530e       color_buffer               0049330e     main.obj
 0003:0011df0e       deep_buffer                0053bf0e     main.obj
 0003:001c6b0e       charLevel                  005e4b0e     main.obj
 0003:001c6c0e       buffer                     005e4c0e     main.obj
 0003:0028a10e       mm                         006a810e     main.obj
 0003:0028a14a       engine                     006a814a     main.obj
 0003:0028a15a       camera                     006a815a     main.obj
 0003:0028a326       keyboard                   006a8326     main.obj
 0003:0028a352       player                     006a8352     main.obj
 0003:0028a416       terrain                    006a8416     main.obj
 0003:0031a610       InitFlag                   00738610     Irvine32:Irvine32.obj
 0003:0031a611       xtable                     00738611     Irvine32:Irvine32.obj
 0003:0031a621       blanks                     00738621     Irvine32:Irvine32.obj
 0003:0031a821       attribs                    00738821     Irvine32:Irvine32.obj
 0003:0031ac21       lineLength                 00738c21     Irvine32:Irvine32.obj
 0003:0031ac25       cursorLoc                  00738c25     Irvine32:Irvine32.obj
 0003:0031ac29       count                      00738c29     Irvine32:Irvine32.obj
 0003:0031ac2d       ??0002                     00738c2d     Irvine32:Irvine32.obj
 0003:0031ac32       dumpPrompt                 00738c32     Irvine32:Irvine32.obj
 0003:0031ac44       dashLine                   00738c44     Irvine32:Irvine32.obj
 0003:0031ac66       ??0003                     00738c66     Irvine32:Irvine32.obj
 0003:0031ac69       ??0004                     00738c69     Irvine32:Irvine32.obj
 0003:0031ac6b       ??0005                     00738c6b     Irvine32:Irvine32.obj
 0003:0031ac6d       saveIP                     00738c6d     Irvine32:Irvine32.obj
 0003:0031ac71       saveESP                    00738c71     Irvine32:Irvine32.obj
 0003:0031ac75       ??0006                     00738c75     Irvine32:Irvine32.obj
 0003:0031ac7c       ??0007                     00738c7c     Irvine32:Irvine32.obj
 0003:0031ac83       ??0008                     00738c83     Irvine32:Irvine32.obj
 0003:0031ac8a       ??0009                     00738c8a     Irvine32:Irvine32.obj
 0003:0031ac91       ??000A                     00738c91     Irvine32:Irvine32.obj
 0003:0031ac98       ??000B                     00738c98     Irvine32:Irvine32.obj
 0003:0031ac9f       ??000C                     00738c9f     Irvine32:Irvine32.obj
 0003:0031aca6       ??000D                     00738ca6     Irvine32:Irvine32.obj
 0003:0031acad       ??000E                     00738cad     Irvine32:Irvine32.obj
 0003:0031acb4       ??000F                     00738cb4     Irvine32:Irvine32.obj
 0003:0031acbb       ??0010                     00738cbb     Irvine32:Irvine32.obj
 0003:0031acc0       ??0011                     00738cc0     Irvine32:Irvine32.obj
 0003:0031acc2       ??0013                     00738cc2     Irvine32:Irvine32.obj
 0003:0031acc7       ??0014                     00738cc7     Irvine32:Irvine32.obj
 0003:0031acc9       ??0016                     00738cc9     Irvine32:Irvine32.obj
 0003:0031acce       ??0017                     00738cce     Irvine32:Irvine32.obj
 0003:0031acd0       ??0019                     00738cd0     Irvine32:Irvine32.obj
 0003:0031acd5       ??001A                     00738cd5     Irvine32:Irvine32.obj
 0003:0031acd7       ??001C                     00738cd7     Irvine32:Irvine32.obj
 0003:0031acdc       ??001D                     00738cdc     Irvine32:Irvine32.obj
 0003:0031acde       ??001F                     00738cde     Irvine32:Irvine32.obj
 0003:0031ace3       ??0020                     00738ce3     Irvine32:Irvine32.obj
 0003:0031ace5       _cursorPosition            00738ce5     Irvine32:Irvine32.obj
 0003:0031ace9       @zx02abc_def_caption       00738ce9     Irvine32:Irvine32.obj
 0003:0031aceb       @zq02abc_def_caption       00738ceb     Irvine32:Irvine32.obj
 0003:0031aced       overflow_msgL              00738ced     Irvine32:Irvine32.obj
 0003:0031ad08       invalid_msgL               00738d08     Irvine32:Irvine32.obj
 0003:0031ad1b       seed                       00738d1b     Irvine32:Irvine32.obj
 0003:0031ad1f       xbtable                    00738d1f     Irvine32:Irvine32.obj
 0003:0031ad36       numVal                     00738d36     Irvine32:Irvine32.obj
 0003:0031ad3a       charVal                    00738d3a     Irvine32:Irvine32.obj
 0003:0031ad3b       evBuffer                   00738d3b     Irvine32:Irvine32.obj
 0003:0031ad4f       evRepeat                   00738d4f     Irvine32:Irvine32.obj
 0003:0031ad51       SpecialCases               00738d51     Irvine32:Irvine32.obj
 0003:0031ad92       _$$temp                    00738d92     Irvine32:Irvine32.obj
 0003:0031ad96       waitmsgstr                 00738d96     Irvine32:Irvine32.obj
 0003:0031adb3       bufferL                    00738db3     Irvine32:Irvine32.obj
 0003:0031adc0       bufferLHB                  00738dc0     Irvine32:Irvine32.obj
 0003:0031adc9       buffer_B                   00738dc9     Irvine32:Irvine32.obj
 0003:0031add6       neg_flag                   00738dd6     Irvine32:Irvine32.obj
 0003:0031add7       LblStack                   00738dd7     Irvine32:Irvine32.obj
 0003:0031ade4       LblFor                     00738de4     Irvine32:Irvine32.obj
 0003:0031ade9       LblEbp                     00738de9     Irvine32:Irvine32.obj
 0003:0031adef       LblParam                   00738def     Irvine32:Irvine32.obj
 0003:0031adfc       LblEbpPtr                  00738dfc     Irvine32:Irvine32.obj
 0003:0031ae12       LblSaved                   00738e12     Irvine32:Irvine32.obj
 0003:0031ae24       LblLocal                   00738e24     Irvine32:Irvine32.obj
 0003:0031ae36       LblReturn                  00738e36     Irvine32:Irvine32.obj
 0003:0031ae48       LblEsp                     00738e48     Irvine32:Irvine32.obj
 0003:0031ae54       BadStackFrameMsg           00738e54     Irvine32:Irvine32.obj
 0003:0031ae6f       NoName                     00738e6f     Irvine32:Irvine32.obj
 0003:0031ae70       WriteToFile_1              00738e70     Irvine32:Irvine32.obj
 0003:0031ae74       WriteWindowsMsg_1          00738e74     Irvine32:Irvine32.obj
 0003:0031ae7b       WriteWindowsMsg_2          00738e7b     Irvine32:Irvine32.obj
 0003:0031ae7e       pErrorMsg                  00738e7e     Irvine32:Irvine32.obj
 0003:0031ae82       messageId                  00738e82     Irvine32:Irvine32.obj
 0003:0031b040       pwr10                      00739040     Irvine32:floatio.obj
 0003:0031b068       ErrMsg                     00739068     Irvine32:floatio.obj
 0003:0031b081       expint                     00739081     Irvine32:floatio.obj
 0003:0031b085       itmp                       00739085     Irvine32:floatio.obj
 0003:0031b089       power                      00739089     Irvine32:floatio.obj
 0003:0031b091       SavedCWord                 00739091     Irvine32:floatio.obj
 0003:0031b093       UsedCWord                  00739093     Irvine32:floatio.obj
 0003:0031b095       ??0003                     00739095     Irvine32:floatio.obj
 0003:0031b0b1       ??0004                     007390b1     Irvine32:floatio.obj
 0003:0031b0b5       ??0005                     007390b5     Irvine32:floatio.obj
 0003:0031b0b9       temp_01                    007390b9     Irvine32:floatio.obj
 0003:0031b0c1       iten                       007390c1     Irvine32:floatio.obj
 0003:0031b0c5       mantissa                   007390c5     Irvine32:floatio.obj
 0003:0031b0cd       zeroes                     007390cd     Irvine32:floatio.obj
 0003:0031b0dd       NaNStr                     007390dd     Irvine32:floatio.obj
 0003:0031b0ea       stmp                       007390ea     Irvine32:floatio.obj
 0003:0031b0ec       sw                         007390ec     Irvine32:floatio.obj
 0003:0031b0ee       binpwr10                   007390ee     Irvine32:floatio.obj
 0003:0031b126       status                     00739126     Irvine32:floatio.obj
 0003:0031b137       temp                       00739137     Irvine32:floatio.obj
 0003:0031b141       tenp8                      00739141     Irvine32:floatio.obj
 0003:0031b149       onep8                      00739149     Irvine32:floatio.obj
 0003:0031b151       exponent                   00739151     Irvine32:floatio.obj
 0003:0031b153       onehalf                    00739153     Irvine32:floatio.obj
 0003:0031b15b       one                        0073915b     Irvine32:floatio.obj
 0003:0031b163       ten                        00739163     Irvine32:floatio.obj
 0003:0031b16b       bpwr10                     0073916b     Irvine32:floatio.obj
 0003:0031b179       binpwrM10                  00739179     Irvine32:floatio.obj
 0003:0031b300       consoleInHandle            00739300     Irvine32:Irvine32.obj
 0003:0031b304       consoleOutHandle           00739304     Irvine32:Irvine32.obj
 0003:0031b308       bytesWritten               00739308     Irvine32:Irvine32.obj
 0003:0031b30c       eflags                     0073930c     Irvine32:Irvine32.obj
 0003:0031b310       digitBuffer                00739310     Irvine32:Irvine32.obj
 0003:0031b361       buffer                     00739361     Irvine32:Irvine32.obj
 0003:0031b561       bytesRead                  00739561     Irvine32:Irvine32.obj
 0003:0031b565       sysTime                    00739565     Irvine32:Irvine32.obj
 0004:000003d6       .idata$6                   0073a3d6     kernel32:KERNEL32.dll
 0004:000003f2       .idata$6                   0073a3f2     user32:USER32.dll
 0005:00000170       $R000000                   0073b170     * linker generated manifest res *
